Starting Simulation...
Simulation finished. Converged: true

--- Final Tensions ---
Stay: 42.8 N (Locked at ~1000 N, now subject to load)
Shroud Port: 0.6 N
Shroud Stbd: 994.9 N
